Авдей
Аверьян
Адам
Адриан
Аксён
Александр
Алексей
Анатолий
Андрей
Анисим
Антип
Антон
Ануфрий
Аркадий
Арсен
Арсений
Артём
Артемий
Артур
Архип
Афанас
Афанасий
Бенедикт
Богдан
Борис
Борислав
Бронислав
Вадим
Валентин
Валерий
Валериан
Валерьян
Василий
Венедикт
Викентий
Виктор
Вилен
Вилор
Виталий
Владилен
Владимир
Владислав
Владлен
Влас
Всеволод
Вячеслав
Гавриил
Гаврила
Геннадий
Георгий
Герасим
Герман
Гертруд
Глеб
Гордей
Григорий
Гурий
Давид
Давыд
Даниил
Данила
Демид
Демьян
Денис
Димитрий
Дмитрий
Дорофей
Евгений
Евдоким
Евсей
Евдоким
Евстафий
Евстигней
Егор
Елизар
Елисей
Емельян
Еремей
Ермил
Ермолай
Ерофей
Ефим
Ефимий
Ефрем
Жан
Захар
Захарий
Зиновий
Иван
Игнат
Игнатий
Игорь
Измаил
Изот
Иларион
Илья
Ильяс
Иосип
Иосиф
Исаак
Исак
Исидор
Искандер
Казимир
Калина
Каллиник
Каллистрат
Капитон
Карп
Касьян
Кирей
Кирила
Кирилл
Клим
Климент
Климентий
Кондрат
Кондратий
Конон
Константин
Корней
Корнелий
Ксенофонт
Кузьма
Куприян
Лаврентий
Лазарь
Лев
Левон
Леонид
Леон
Леонтий
Лука
Лукьян
Людвиг
Макар
Максим
Марат
Марк
Маркел
Мартин
Мартын
Мефодий
Мина
Минай
Мирон
Митрофан
Михаил
Михей
Модест
Моисей
Мокей
Мстислав
Назар
Наркис
Нарцис
Наум
Нейл
Нестер
Нестор
Нефёд
Никандр
Никанор
Никита
Никифор
Никодим
Николай
Никон
Нил
Олег
Онисим
Онуфрий
Орест
Осип
Остап
Отто
Павел
Панкрат
Панкратий
Пантелей
Пантелеймон
Парфён
Парфений
Пётр
Пимен
Платон
Полиграф
Поликарп
Порфир
Порфирий
Потап
Прокоп
Прокопий
Прокофий
Прохор
Роберт
Родион
Роман
Ростислав
Руслан
Савастей
Савва
Савватий
Савелий
Самсон
Святослав
Семён
Серафим
Сергей
Сергий
Сидор
Созон
Созонт
Спиридон
Станислав
Степан
Тарас
Теймураз
Терентий
Тимофей
Тимур
Тихон
Трифон
Трофим
Устин
Фадей
Федот
Феликс
Фёдор
Федосий
Феодосий
Феоктист
Феофан
Филат
Филимон
Филипп
Фока
Фома
Фрол
Харитон
Харлам
Харламп
Харлампий
Чеслав
Эдгар
Эдгард
Эдуард
Юлиан
Юлий
Юрий
Яков
Ярослав
Ян
Августа
Августина
Авдотья
Авелина
Аврелия
Аврея
Аврора
Агафья
Агапа
Агапия
Агата
Агафья
Аглая
Агнесса
Агния
Аграфена
Агриппина
Ада
Аделаида
Аделина
Адель
Адина
Адолия
Адриана
Аза
Азалия
Азелла
Аида
Аксинья
Акулина
Алевтина
Александра
Александрина
Алексина
Алёна
Алеся
Алина
Алиса
Алла
Алоиза
Алфея
Альберта
Альбертина
Альбина
Альвина
Альфия
Амалия
Амата
Анастасия
Анатолия
Ангела
Ангелика
Ангелина
Анджела
Андрея
Андрона
Андроника
Анета
Анетта
Анжела
Анжелика
Анимаиса
Анисия
Анисья
Анна
Аннета
Аннетта
Антонида
Антонина
Антония
Анфима
Анфиса
Анфия
Аполлинария
Аполлония
Апраксия
Апрелия
Апфия
Аргентея
Ариадна
Арина
Ария
Аркадия
Арсения
Артемида
Артемия
Аста
Астра
Астрид
Ася
Афанасия
Афродита
Аэлита
Аэлла
Ая
Беата
Беатриса
Белла
Бенедикта
Берта
Бландина
Богдана
Божена
Болеслава
Борислава
Бояна
Бронислава
Валентина
Валерия
Ванда
Ванесса
Варвара
Васёна
Василида
Василина
Василиса
Василия
Васса
Вацлава
Велимира
Велислава
Венедикта
Венера
Венцеслава
Вера
Вероника
Верония
Веселина
Весмира
Вика
Викторина
Виктория
Вилена
Виленина
Вилора
Вильгельмина
Виола
Виолетта
Вита
Виталика
Виталина
Виталия
Влада
Владилена
Владимира
Владислава
Владлена
Власта
Воля
Всеслава
Гала
Галата
Галатея
Галея
Галиана
Галиба
Галиля
Галима
Галина
Галя
Геласия
Гения
Геннадия
Генриетта
Георгина
Гера
Германа
Гертруда
Глафира
Горислава
Градислава
Грета
Гретта
Дарья
Дебора
Деина
Декабрина
Денисия
Диана
Дигна
Дина
Динэра
Диодора
Дионина
Дия
Доброгнева
Добромила
Добромира
Доброслава
Доминика
Домна
Домника
Домникия
Домнина
Донара
Доната
Дора
Дорофея
Доса
Дося
Досифея
Дросида
Дуклида
Дуня
Дуся
Ева
Евгения
Евдокия
Екатерина
Елена
Елизавета
Ефросинья
Жанна
Жозефина
Залина
Зара
Зарема
Зарина
Заря
Земфира
Зиглинда
Зигрида
Зина
Зинаида
Зиновия
Злата
Зоя
Ива
Иванна
Ида
Идея
Иветта
Ивонна
Изабелла
Изида
Изольда
Илона
Ильина
Инга
Инесса
Инна
Иоанна
Ира
Ираида
Ирена
Ирина
Ирма
Исидора
Ия
Каздоя
Казимира
Калерия
Калида
Калиса
Каллиникия
Каллиста
Кама
Камилла
Кандида
Капитолина
Карина
Каролина
Касиния
Келестина
Керкира
Кетевань
Киликия
Кима
Кира
Кириакия
Кириана
Кирилла
Клавдия
Клара
Клариса
Клементина
Клеопатра
Конкордия
Констанция
Корнелия
Кристина
Ксанфиппа
Ксения
Купава
Лада
Лариса
Лаура
Ленина
Леокадия
Леокардия
Леонида
Леонина
Леония
Лиана
Ливия
Лидия
Лилиана
Лилия
Лина
Лира
Лия
Лолита
Лолия
Луиза
Лукерья
Луна
Любава
Любовь
Любомила
Любомира
Людмила
Люцина
Люция
Мавра
Магдалина
Майя
Макрина
Максима
Малания
Мальвина
Маргарита
Мариам
Мариамна
Марианна
Мариетта
Марина
Мариэтта
Мария
Марка
Марксина
Марлена
Марта
Марфа
Марья
Матрёна
Матрона
Мая
Мелания
Милена
Милица
Милия
Милослава
Милютина
Мина
Минна
Минодора
Мира
Миропия
Мирослава
Мирра
Митродора
Михайлина
Михалина
Млада
Модеста
Моика
Моника
Мстислава
Муза
Нада
Надежда
Наина
Нана
Наталия
Наталья
Нелли
Ника
Нина
Нинель
Нонна
Ноябрина
Оксана
Октябрина
Олеся
Оливия
Олимпиада
Олимпиодора
Ольга
Ольда
Офелия
Павлина
Пелагея
Полина
Прасковья
Раиса
Регина
Рената
Римма
Рита
Роза
Розалия
Сабина
Светлана
Серафима
Сильвия
Софья
София
Станислава
Степанида
Сусанна
Таисия
Тамара
Татьяна
Тереза
Улита
Ульяна
Устинья
Фаина
Федора
Федосья
Фёкла
Хаврония
Христина
Цвета
Цветана
Чеслава
Шарлотта
Шушаника
Эвелина
Элеонора
Элла
Эльвира
Эмилия
Эмма
Юдифь
Юлиана
Юлия
Юния
Юнона
Юрия
Юстина
Ядвига
Яна
Янина
Ярослава
Aaсим
Аббас
Абдулла
Абдул
Абид
Абрек
Aбульхайр
Aвад
Агиль
Адиль
Адыль
Адель
Азад
Азат
Азер
Aззам
Aзхар
Айдын
Айрат
Акбар
Акиф
Aкрам
Акшин
Али
Алим
Алпан
Алхан
Aля
Aляуддин
Амаль
Aмджад
Амин
Амир
Амирхан
Эмирхан
Aммар
Анвер
Анвар
Анвяр
Энвер
Анзор
Ансар
Aнис
Аран
Ареф
Арман
Арсен
Арслан
Арсан
Асад
Артур
Асим
Aсиф
Аслан
Асхаб
Ауранг
Аурангзеб
Aфиф
Ахмад
Ахмед
Aшраф
Аяз
Багдат
Баллы
Бамдад
Басам
Баасым
Басыль
Баха
Бахир
Башаар
Бегенч
Бексолтан
Бексолт
Бекхан
Бехнам
Бехроз
Бишр
Борна
Бугдай
Бурхан
Вади
Видади
Ваджих
Вазир
Визирь
Вакиль
Валид
Валиулла
Васим
Вафик
Вахид
Вели
Гази
Галиб
Гаплан
Гачай
Гашкай
Гая
Гияс
Горгуд
Гошгар
Гуйч
Гюльджан
Дамир
Даниэль
Даниял
Дангатар
Гюндогды
Данияр
Дашгын
Дауд
Давуд
Дестегюль
Джабир
Джавад
Джавид
Джаляль
Джалиль
Джамиль
Джамаль
Джафар
Дженг
Довлет
Довлетмырат
Ерфан
Ирфан
Забит
Зайд
Заки
Зафир
Зухайр
Захид
Зия
Ибрагим
Ибрахим
Пархам
Икрам
Икрима
Илмаз
Йылмаз
Илкин
Ильдар
Эльдар
Ильнур
Ильнар
Ильяс
Инал
Иса
Иисус
Исам
Искандер
Эскандер
Ислам
Исматулла
Ирфан
Ихсан
Кайс
Камиль
Камаль
Камал
Карим
Камран
Камбиз
Камьяр
Камшад
Карим
Касым
Киа
Кирман
Комек
Кудама
Кутайба
Кямиль
Кямал
Лабиб
Лачин
Лютфи
Маджид
Maжд
Maкин
Максуд
Maмдух
Maмнун
Манаф
Мансур
Мардан
Maрзук
Maсуд
Махди
Maхмуд
Мири
Мохсен
Mуаз
Mуайид
Mувафак
Mунир
Mунзир
Mунтасир
Мурад
Mуртади
Муса
Муслим
Мустафа
Муджтаба
Муртаза
Mутаз
Мухаммад
Мухаммед
Mуханнад
Mуфид
Mухсин
Mухтади
Mухтар
Мюрид
Наасим
Наби
Набиль
Набхан
Набих
Навид
Наджи
Наджиб
Наджмуддин
Надим
Надир
Надыр
Назар
Назих
Наиб
Наим
Наиль
Намдар
Намвар
Насим
Насих
Насыр
Нассеруддин
Науфаль
Неймат
Нимат
Нияз
Нури
Нурлан
Нуруддин
Октай
Омар
Oмейр
Омид
Oмран
Онер
Орхан
Пайам
Паша
Пейман
Полад
Пуджман
Пуйа
Рабах
Раби
Равиль
Рагиб
Рази
Раид
Ракин
Рамиз
Рамиль
Расул
Ратиб
Рашид
Рашад
Рафик
Рафи
Реза
Рида
Риза
Ридван
Ринат
Рифат
Рияд
Рузиль
Рузбех
Руслан
Рустам
Саад
Сабир
Сабит
Сабих
Савалан
Саджид
Садык
Садых
Садик
Саид
Сайфуддин
Сакиб
Сакит
Салар
Салах
Салих
Салман
Салем
Салим
Сами
Самир
Самиир
Санджар
Сани
Сардар
Сардор
Сарийя
Сархан
Сафи
Сахир
Сахидям
Сахи
Сепехр
Сирадж
Соялп
Сохель
Субхи
Сулейман
Сууд
Сухайб
Таахир
Таир
Taймулла
Taйсир
Такый
Таги
Талгат
Талаль
Taмам
Taрик
Taриф
Taуфик
Тахир
Тимерлан
Тамерлан
Тимер
Тимур
Теймур
Темир
Токай
Тофик
Тауфик
Тавфик
Туган
Туран
Туркел
Убайда
Улус
Умар
Гумар
Уруз
Урфан
Усама
Фавуаз
Фида
Фадль
Фаик
Фаиль
Файсал
Фараз
Фарбод
Фарзан
Фарид
Фарис
Фарук
Фаршад
Фатех
Фатин
Фахад
Фахир
Фахри
Фирдаус
Фироз
Фируз
Форухар
Фуад
Фудейль
Фадль
Хабиб
Хагани
Хади
Хедайат
Хайрат
Хайри
Хайруддин
Хайсам
Халид
Халиль
Хамза
Хамзат
Хами
Хафез
Хамид
Ханджар
Хани
Харун
Хасан
Хассан
Хатим
Хатиф
Хашим
Хаашим
Хикмет
Хирад
Хосров
Хумам
Хусам
Хусамуддин
Хуссейн
Хушманд
Хушьяр
Чингиз
Шади
Шайа
Шайан
Шамиль
Шафи
Шафик
Шариф
Шихаб
Шахаб
Шахбаз
Шахбулат
Шахин
Шахлар
Шахрияр
Шахьяр
Шенер
Шир
Шухрат
Эзиз
Азиз
Эльдар
Эльман
Эльмир
Эльчин
Эльшад
Эльхан
Эмир
Юнус
Юсуф
Явуз
Ялчин
Янар
Ясир
Ясар
Яхья
Яшар
Абир
Анбар
Абла
Адаб
Айда
Аида
Айе
Айла
Айлы
Айша
Аиша
Азиза
Азхар
Алсу
Алия
Альфия
Амаль
Амина
Амира
Анан
Анвар
Аниса
Ариба
Ахлам
Аруб
Асиля
Асама
Асма
Асия
Афаф
Бадрия
Бара
Басима
Басма
Бахия
Башира
Бахира
Бушра
Варда
Вафа
Видад
Гайда
Галия
Гульнара
Гульфия
Гуля
Джала
Джумана
Джамиля
Джаннат
Джанета
Дельфуза
Заира
Зайна
Зайнап
Зайнаб
Закия
Зарима
Зарема
Зафира
Захидат
Захида
Захира
Зульфия
Зиля
Зухра
Ибтихадж
Издихар
Икрам
Ильнара
Эльнара
Ильхам
Иман
Инайа
Инам
Инас
Интисар
Камиля
Ламис
Лафифа
Лейла
Ляйле
Лина
Ляля
Маджида
Мадиха
Маймуна
Майсун
Малика
Маляк
Маналь
Манар
Марам
Марифа
Мунира
Муфида
Мухджа
Махфуза
Мушира
Набиля
Наваль
Навар
Наджа
Наджат
Наджийа
Надира
Надия
Назаха
Назиха
Назия
Наиля
Найля
Найрият
Насира
Нафиса
Нашита
Нашиха
Нигара
Нимат
Нисайем
Нудхар
Нур
Рабаб
Рабия
Раджа
Радия
Райда
Райхана
Рафа
Рашида
Римма
Роза
Рукан
Руфина
Саадат
Сагадат
Сабира
Сакина
Салима
Салиха
Салма
Самиха
Самах
Сана
Сафа
Сафия
Сахар
Сумайя
Самия
Сумув
Талия
Тана
Тара
Тарут
Тахира
Тагера
Турайа
Фавзия
Фадиля
Файза
Факия
Фалак
Фаляк
Фарида
Фаридэ
Фариха
Фатима
Фатин
Фатина
Фирдаус
Хабиба
Хадия
Ханан
Хала
Хания
Хайам
Хайфа
Ханифа
Хайат
Хамида
Хана
Халима
Хасна
Хурийа
Шадия
Шарифа
Эльвира
Ильвира
Эльмира
Ильмира
Ясира
Ясмин
Яфья